// Jest Snapshot v1, https://goo.gl/fbAQLP

exports[`Testing the Search component matches snapshot 1`] = `
<DocumentFragment>
  <div
    style="margin-left: 40px;"
  >
    <form
      class="form-inline"
    >
      <input
        class="form-control"
        name="search"
        placeholder="Enter a search term"
        type="text"
        value=""
      />
      <button
        class="btn btn-secondary"
      >
        Submit
      </button>
    </form>
  </div>
</DocumentFragment>
`;
